// Jest Snapshot v1, https://goo.gl/fbAQLP

exports[`film description component renders correctly 1`] = `
initialize {
  "_root": initialize {
    "0": Object {
      "attribs": Object {},
      "children": Array [
        Object {
          "attribs": Object {},
          "children": Array [
            Object {
              "attribs": Object {},
              "children": Array [],
              "name": "head",
              "namespace": "http://www.w3.org/1999/xhtml",
              "next": Object {
                "attribs": Object {},
                "children": Array [],
                "name": "body",
                "namespace": "http://www.w3.org/1999/xhtml",
                "next": null,
                "parent": [Circular],
                "prev": [Circular],
                "type": "tag",
                "x-attribsNamespace": Object {},
                "x-attribsPrefix": Object {},
              },
              "parent": [Circular],
              "prev": null,
              "type": "tag",
              "x-attribsNamespace": Object {},
              "x-attribsPrefix": Object {},
            },
            Object {
              "attribs": Object {},
              "children": Array [],
              "name": "body",
              "namespace": "http://www.w3.org/1999/xhtml",
              "next": null,
              "parent": [Circular],
              "prev": Object {
                "attribs": Object {},
                "children": Array [],
                "name": "head",
                "namespace": "http://www.w3.org/1999/xhtml",
                "next": [Circular],
                "parent": [Circular],
                "prev": null,
                "type": "tag",
                "x-attribsNamespace": Object {},
                "x-attribsPrefix": Object {},
              },
              "type": "tag",
              "x-attribsNamespace": Object {},
              "x-attribsPrefix": Object {},
            },
          ],
          "name": "html",
          "namespace": "http://www.w3.org/1999/xhtml",
          "next": null,
          "parent": null,
          "prev": null,
          "root": [Circular],
          "type": "tag",
          "x-attribsNamespace": Object {},
          "x-attribsPrefix": Object {},
        },
      ],
      "name": "root",
      "namespace": "http://www.w3.org/1999/xhtml",
      "next": null,
      "parent": null,
      "prev": null,
      "type": "root",
      "x-attribsNamespace": Object {},
      "x-attribsPrefix": Object {},
    },
    "_root": [Circular],
    "length": 1,
    "options": Object {
      "decodeEntities": true,
      "normalizeWhitespace": false,
      "withDomLvl1": true,
      "xml": false,
    },
  },
  "length": 0,
  "options": Object {
    "decodeEntities": true,
    "normalizeWhitespace": false,
    "withDomLvl1": true,
    "xml": false,
  },
  "prevObject": initialize {
    "0": Object {
      "attribs": Object {},
      "children": Array [
        Object {
          "attribs": Object {},
          "children": Array [
            Object {
              "attribs": Object {},
              "children": Array [],
              "name": "head",
              "namespace": "http://www.w3.org/1999/xhtml",
              "next": Object {
                "attribs": Object {},
                "children": Array [],
                "name": "body",
                "namespace": "http://www.w3.org/1999/xhtml",
                "next": null,
                "parent": [Circular],
                "prev": [Circular],
                "type": "tag",
                "x-attribsNamespace": Object {},
                "x-attribsPrefix": Object {},
              },
              "parent": [Circular],
              "prev": null,
              "type": "tag",
              "x-attribsNamespace": Object {},
              "x-attribsPrefix": Object {},
            },
            Object {
              "attribs": Object {},
              "children": Array [],
              "name": "body",
              "namespace": "http://www.w3.org/1999/xhtml",
              "next": null,
              "parent": [Circular],
              "prev": Object {
                "attribs": Object {},
                "children": Array [],
                "name": "head",
                "namespace": "http://www.w3.org/1999/xhtml",
                "next": [Circular],
                "parent": [Circular],
                "prev": null,
                "type": "tag",
                "x-attribsNamespace": Object {},
                "x-attribsPrefix": Object {},
              },
              "type": "tag",
              "x-attribsNamespace": Object {},
              "x-attribsPrefix": Object {},
            },
          ],
          "name": "html",
          "namespace": "http://www.w3.org/1999/xhtml",
          "next": null,
          "parent": null,
          "prev": null,
          "root": [Circular],
          "type": "tag",
          "x-attribsNamespace": Object {},
          "x-attribsPrefix": Object {},
        },
      ],
      "name": "root",
      "namespace": "http://www.w3.org/1999/xhtml",
      "next": null,
      "parent": null,
      "prev": null,
      "type": "root",
      "x-attribsNamespace": Object {},
      "x-attribsPrefix": Object {},
    },
    "_root": [Circular],
    "length": 1,
    "options": Object {
      "decodeEntities": true,
      "normalizeWhitespace": false,
      "withDomLvl1": true,
      "xml": false,
    },
  },
}
`;
