// Jest Snapshot v1, https://goo.gl/fbAQLP

exports[`film description component renders correctly 1`] = `ShallowWrapper {}`;
