// Jest Snapshot v1, https://goo.gl/fbAQLP

exports[`button component renders correctly 1`] = `ShallowWrapper {}`;
