// Jest Snapshot v1, https://goo.gl/fbAQLP

exports[`NavigationItem component renders correctly 1`] = `ShallowWrapper {}`;
