// Jest Snapshot v1, https://goo.gl/fbAQLP

exports[`Header Section component renders correctly 1`] = `ShallowWrapper {}`;
